cargo :    Compiling ash_renderer v0.4.0 
(C:\Users\tilok\Downloads\Ash Renderer)
At line:1 char:1
+ cargo check --example 02_cube 2>&1 | Out-File 
-Encoding utf8 build_ou ...
+ ~~~~~~~~~~~~~~~~~~~~~~~~~~~~~~~~~~
    + CategoryInfo          : NotSpecified: (   C 
   ompiling as...s\Ash Renderer):String) [], Rem  
  oteException
    + FullyQualifiedErrorId : NativeCommandError
 
    Finished `dev` profile [unoptimized + 
debuginfo] target(s) in 1.80s
